 docbank  documents for you and your agents                                                 RECOVERABLE CHANGES
 Search "solar ma Hybrid · rerank disabled · 1 result(s) · Search note: provider temporarily unavailable · name↑
   DOCUMENT↑                                                         TYPE  MATCH         SIZE  MODIFIED
────────────────────────────────────────────────────────────────────────────────────────────────────────────────
▶  "/README.txt"                                                     FILE                12 B  2026-07-22 12:00Z
  Why: Solar maintenance schedule · Text, Semantic











↑/↓ move │ enter inspect │ x trash │ ← back │ tab mode │ ctrl+r rerank │ / search │ T recover │ s sort      1/1
